// Jest Snapshot v1, https://goo.gl/fbAQLP

exports[`Car class creates cars with make and model 1`] = `
Car {
  "make": "toyota",
  "model": "celica",
  "owner": "Dan",
}
`;
